Clock: clk
Sources: clk 
Generated: no
Virtual: yes
Propagated: no
Period: 20.000000

===========================================================================
report_clock_properties
============================================================================
Clock                   Period          Waveform
----------------------------------------------------
clk                  20.000000    0.000000 10.000000

===========================================================================
report_clock_latency
============================================================================
Clock clk
rise -> rise
    min     max
0.000000 0.000000 source latency
0.861573         network latency _2373_/CLK
        1.097377 network latency _2484_/CLK
---------------
0.861573 1.097377 latency
        0.235804 skew

fall -> fall
    min     max
0.000000 0.000000 source latency
0.839343         network latency _2373_/CLK
        1.056717 network latency _2484_/CLK
---------------
0.839343 1.056717 latency
        0.217375 skew



===========================================================================
report_clock_min_period
============================================================================
clk period_min = 5.61 fmax = 178.19
