
===========================================================================
 report_power
============================================================================
======================= nom_tt_025C_1v80 Corner ===================================

Group                    Internal    Switching      Leakage        Total
                            Power        Power        Power        Power (Watts)
------------------------------------------------------------------------
Sequential           5.073692e-04 1.088088e-04 1.938513e-09 6.161799e-04  26.7%
Combinational        1.683456e-04 5.050667e-04 4.784146e-09 6.734170e-04  29.2%
Clock                6.226492e-04 3.934164e-04 1.070868e-09 1.016067e-03  44.1%
Macro                0.000000e+00 0.000000e+00 0.000000e+00 0.000000e+00   0.0%
Pad                  0.000000e+00 0.000000e+00 0.000000e+00 0.000000e+00   0.0%
------------------------------------------------------------------------
Total                1.298364e-03 1.007292e-03 7.793506e-09 2.305664e-03 100.0%
                            56.3%        43.7%         0.0%

