
===========================================================================
report_checks -unconstrained
===========================================================================
======================= max_ss_100C_1v60 Corner ===================================

Startpoint: cin (input port clocked by clk)
Endpoint: overflow (output port clocked by clk)
Path Group: clk
Path Type: max

Fanout         Cap        Slew       Delay        Time   Description
---------------------------------------------------------------------------------------------
                                  0.000000    0.000000   clock clk (rise edge)
                                  0.000000    0.000000   clock network delay (propagated)
                                  1.000000    1.000000 v input external delay
     1    0.002347    0.000000    0.000000    1.000000 v cin (in)
                                                         cin (net)
                      0.000145    0.000073    1.000073 v input65/A (sky130_fd_sc_hd__buf_1)
     4    0.018528    0.216155    0.257638    1.257711 v input65/X (sky130_fd_sc_hd__buf_1)
                                                         net65 (net)
                      0.216243    0.001962    1.259673 v _302_/A2 (sky130_fd_sc_hd__o21ai_1)
     2    0.007336    0.291075    0.351140    1.610813 ^ _302_/Y (sky130_fd_sc_hd__o21ai_1)
                                                         _086_ (net)
                      0.291075    0.000693    1.611505 ^ _304_/C (sky130_fd_sc_hd__nand3_2)
     3    0.018300    0.273083    0.358221    1.969727 v _304_/Y (sky130_fd_sc_hd__nand3_2)
                                                         _088_ (net)
                      0.273195    0.001909    1.971636 v _308_/B1 (sky130_fd_sc_hd__a22oi_4)
     3    0.025006    0.379927    0.428086    2.399722 ^ _308_/Y (sky130_fd_sc_hd__a22oi_4)
                                                         _092_ (net)
                      0.379942    0.002562    2.402284 ^ _311_/B2 (sky130_fd_sc_hd__o221ai_4)
     3    0.010133    0.193292    0.302073    2.704357 v _311_/Y (sky130_fd_sc_hd__o221ai_4)
                                                         _095_ (net)
                      0.193292    0.000694    2.705051 v _315_/C1 (sky130_fd_sc_hd__o211ai_1)
     1    0.003418    0.260614    0.191680    2.896731 ^ _315_/Y (sky130_fd_sc_hd__o211ai_1)
                                                         _099_ (net)
                      0.260614    0.000152    2.896883 ^ _317_/C1 (sky130_fd_sc_hd__o211ai_1)
     2    0.005938    0.222581    0.301046    3.197929 v _317_/Y (sky130_fd_sc_hd__o211ai_1)
                                                         _101_ (net)
                      0.222581    0.000418    3.198347 v _321_/C1 (sky130_fd_sc_hd__o211ai_1)
     1    0.003377    0.259411    0.205105    3.403452 ^ _321_/Y (sky130_fd_sc_hd__o211ai_1)
                                                         _105_ (net)
                      0.259411    0.000152    3.403604 ^ _323_/C1 (sky130_fd_sc_hd__o211ai_1)
     1    0.003048    0.165810    0.250262    3.653866 v _323_/Y (sky130_fd_sc_hd__o211ai_1)
                                                         _107_ (net)
                      0.165810    0.000135    3.654001 v _327_/C1 (sky130_fd_sc_hd__o211ai_1)
     1    0.005977    0.335144    0.210895    3.864896 ^ _327_/Y (sky130_fd_sc_hd__o211ai_1)
                                                         _111_ (net)
                      0.335144    0.000292    3.865188 ^ _329_/C1 (sky130_fd_sc_hd__o211ai_2)
     2    0.012463    0.235827    0.333973    4.199161 v _329_/Y (sky130_fd_sc_hd__o211ai_2)
                                                         _113_ (net)
                      0.235827    0.000635    4.199796 v _333_/C1 (sky130_fd_sc_hd__o211ai_4)
     2    0.015957    0.312304    0.221344    4.421140 ^ _333_/Y (sky130_fd_sc_hd__o211ai_4)
                                                         _117_ (net)
                      0.312306    0.001635    4.422774 ^ _335_/C1 (sky130_fd_sc_hd__o211ai_4)
     3    0.019625    0.195910    0.281600    4.704374 v _335_/Y (sky130_fd_sc_hd__o211ai_4)
                                                         _119_ (net)
                      0.195915    0.001783    4.706156 v _340_/C1 (sky130_fd_sc_hd__o211ai_2)
     1    0.009718    0.283514    0.185078    4.891235 ^ _340_/Y (sky130_fd_sc_hd__o211ai_2)
                                                         _124_ (net)
                      0.283514    0.000501    4.891736 ^ _341_/C1 (sky130_fd_sc_hd__o211ai_4)
     2    0.018724    0.187182    0.267568    5.159304 v _341_/Y (sky130_fd_sc_hd__o211ai_4)
                                                         _125_ (net)
                      0.187185    0.001374    5.160678 v _345_/C1 (sky130_fd_sc_hd__o211ai_4)
     2    0.023824    0.386996    0.229290    5.389968 ^ _345_/Y (sky130_fd_sc_hd__o211ai_4)
                                                         _129_ (net)
                      0.387021    0.001898    5.391866 ^ _347_/C1 (sky130_fd_sc_hd__o211ai_4)
     1    0.047511    0.354545    0.432161    5.824027 v _347_/Y (sky130_fd_sc_hd__o211ai_4)
                                                         _131_ (net)
                      0.355469    0.014479    5.838506 v _351_/C1 (sky130_fd_sc_hd__o211ai_2)
     1    0.010425    0.295252    0.253753    6.092259 ^ _351_/Y (sky130_fd_sc_hd__o211ai_2)
                                                         _135_ (net)
                      0.295253    0.000897    6.093156 ^ _353_/C1 (sky130_fd_sc_hd__o211ai_1)
     2    0.008564    0.278753    0.360037    6.453193 v _353_/Y (sky130_fd_sc_hd__o211ai_1)
                                                         _137_ (net)
                      0.278753    0.000615    6.453808 v _358_/C1 (sky130_fd_sc_hd__o211ai_1)
     1    0.003545    0.264207    0.230174    6.683982 ^ _358_/Y (sky130_fd_sc_hd__o211ai_1)
                                                         _142_ (net)
                      0.264207    0.000244    6.684226 ^ _360_/C1 (sky130_fd_sc_hd__o211ai_1)
     1    0.003817    0.181487    0.265726    6.949952 v _360_/Y (sky130_fd_sc_hd__o211ai_1)
                                                         _144_ (net)
                      0.181487    0.000171    6.950123 v _364_/C1 (sky130_fd_sc_hd__o211ai_1)
     2    0.009147    0.428880    0.258114    7.208236 ^ _364_/Y (sky130_fd_sc_hd__o211ai_1)
                                                         _148_ (net)
                      0.428880    0.000706    7.208942 ^ _366_/C1 (sky130_fd_sc_hd__o211ai_1)
     2    0.007560    0.271820    0.394246    7.603188 v _366_/Y (sky130_fd_sc_hd__o211ai_1)
                                                         _150_ (net)
                      0.271820    0.000501    7.603689 v _370_/C1 (sky130_fd_sc_hd__o211ai_1)
     1    0.004939    0.304937    0.245803    7.849492 ^ _370_/Y (sky130_fd_sc_hd__o211ai_1)
                                                         _154_ (net)
                      0.304937    0.000321    7.849813 ^ _372_/C1 (sky130_fd_sc_hd__o211ai_1)
     2    0.007109    0.250525    0.338292    8.188105 v _372_/Y (sky130_fd_sc_hd__o211ai_1)
                                                         _156_ (net)
                      0.250525    0.000537    8.188642 v _376_/C1 (sky130_fd_sc_hd__o211ai_1)
     1    0.003798    0.271708    0.221962    8.410604 ^ _376_/Y (sky130_fd_sc_hd__o211ai_1)
                                                         _160_ (net)
                      0.271708    0.000169    8.410772 ^ _377_/C1 (sky130_fd_sc_hd__o211ai_1)
     1    0.005581    0.216937    0.299026    8.709799 v _377_/Y (sky130_fd_sc_hd__o211ai_1)
                                                         _161_ (net)
                      0.216937    0.000410    8.710209 v _381_/C1 (sky130_fd_sc_hd__o211ai_2)
     1    0.010669    0.298539    0.200579    8.910788 ^ _381_/Y (sky130_fd_sc_hd__o211ai_2)
                                                         _165_ (net)
                      0.298540    0.000937    8.911725 ^ _383_/C1 (sky130_fd_sc_hd__o211ai_4)
     3    0.015659    0.173685    0.259015    9.170740 v _383_/Y (sky130_fd_sc_hd__o211ai_4)
                                                         _167_ (net)
                      0.173687    0.001211    9.171950 v _386_/C1 (sky130_fd_sc_hd__o211ai_4)
     4    0.020131    0.351877    0.208488    9.380439 ^ _386_/Y (sky130_fd_sc_hd__o211ai_4)
                                                         _170_ (net)
                      0.351880    0.001730    9.382169 ^ _387_/C1 (sky130_fd_sc_hd__o211ai_2)
     3    0.016143    0.278970    0.374528    9.756697 v _387_/Y (sky130_fd_sc_hd__o211ai_2)
                                                         _171_ (net)
                      0.278972    0.001305    9.758001 v _390_/C1 (sky130_fd_sc_hd__o221ai_2)
     1    0.007465    0.304755    0.205079    9.963080 ^ _390_/Y (sky130_fd_sc_hd__o221ai_2)
                                                         _174_ (net)
                      0.304756    0.000637    9.963717 ^ _392_/B1 (sky130_fd_sc_hd__o31a_1)
     1    0.010482    0.197027    0.427939   10.391656 ^ _392_/X (sky130_fd_sc_hd__o31a_1)
                                                         net67 (net)
                      0.197028    0.000907   10.392563 ^ output67/A (sky130_fd_sc_hd__clkbuf_16)
     1   10.000851   14.798486   10.397142   20.789705 ^ output67/X (sky130_fd_sc_hd__clkbuf_16)
                                                         overflow (net)
                     14.822148    0.492461   21.282166 ^ overflow (out)
                                             21.282166   data arrival time

                                 22.000000   22.000000   clock clk (rise edge)
                                  0.000000   22.000000   clock network delay (propagated)
                                 -0.200000   21.800001   clock uncertainty
                                  0.000000   21.800001   clock reconvergence pessimism
                                 -0.500000   21.300001   output external delay
                                             21.300001   data required time
---------------------------------------------------------------------------------------------
                                             21.300001   data required time
                                            -21.282166   data arrival time
---------------------------------------------------------------------------------------------
                                              0.017835   slack (MET)




===========================================================================
report_checks --slack_max -0.01
============================================================================
======================= max_ss_100C_1v60 Corner ===================================

No paths found.


===========================================================================
 report_check_types -max_slew -max_cap -max_fanout -violators
============================================================================
======================= max_ss_100C_1v60 Corner ===================================

max slew

Pin                                        Limit        Slew       Slack
------------------------------------------------------------------------
output74/X                              1.502104   14.831228  -13.329123 (VIOLATED)
output75/X                              1.502104   14.821918  -13.319814 (VIOLATED)
output78/X                              1.502104   14.810165  -13.308061 (VIOLATED)
output89/X                              1.502104   14.801872  -13.299767 (VIOLATED)
output82/X                              1.502104   14.799268  -13.297164 (VIOLATED)
output67/X                              1.502104   14.798486  -13.296381 (VIOLATED)
output81/X                              1.502104   14.796506  -13.294401 (VIOLATED)
output69/X                              1.502104   14.794477  -13.292373 (VIOLATED)
output68/X                              1.502104   14.794392  -13.292288 (VIOLATED)
output87/X                              1.502104   14.793730  -13.291626 (VIOLATED)
output85/X                              1.502104   14.792653  -13.290548 (VIOLATED)
output91/X                              1.502104   14.792072  -13.289968 (VIOLATED)
output66/X                              1.502104   14.791659  -13.289555 (VIOLATED)
output84/X                              1.502104   14.791215  -13.289110 (VIOLATED)
output94/X                              1.502104   14.791022  -13.288918 (VIOLATED)
output83/X                              1.502104   14.790842  -13.288737 (VIOLATED)
output79/X                              1.502104   14.790604  -13.288500 (VIOLATED)
output90/X                              1.502104   14.790482  -13.288377 (VIOLATED)
output71/X                              1.502104   14.789320  -13.287216 (VIOLATED)
output97/X                              1.502104   14.787418  -13.285314 (VIOLATED)
output95/X                              1.502104   14.787011  -13.284907 (VIOLATED)
output93/X                              1.502104   14.786993  -13.284889 (VIOLATED)
output76/X                              1.502104   14.786667  -13.284562 (VIOLATED)
output92/X                              1.502104   14.785738  -13.283634 (VIOLATED)
output72/X                              1.502104   14.785267  -13.283162 (VIOLATED)
output96/X                              1.502104   14.784925  -13.282822 (VIOLATED)
output77/X                              1.502104   14.783183  -13.281079 (VIOLATED)
output86/X                              1.502104   14.783164  -13.281059 (VIOLATED)
output88/X                              1.502104   14.782981  -13.280876 (VIOLATED)
output80/X                              1.502104   14.782166  -13.280061 (VIOLATED)
output70/X                              1.502104   14.781722  -13.279617 (VIOLATED)
output73/X                              1.502104   14.779139  -13.277034 (VIOLATED)
output98/X                              1.502104   14.778966  -13.276862 (VIOLATED)
output99/X                              1.502104   14.778107  -13.276003 (VIOLATED)

max capacitance

Pin                                        Limit         Cap       Slack
------------------------------------------------------------------------
output74/X                              1.017161   10.001423   -8.984262 (VIOLATED)
output75/X                              1.017161   10.001423   -8.984262 (VIOLATED)
output83/X                              1.017161   10.001014   -8.983852 (VIOLATED)
output84/X                              1.017161   10.000972   -8.983810 (VIOLATED)
output77/X                              1.017161   10.000878   -8.983718 (VIOLATED)
output78/X                              1.017161   10.000887   -8.983727 (VIOLATED)
output85/X                              1.017161   10.000874   -8.983712 (VIOLATED)
output67/X                              1.017161   10.000851   -8.983689 (VIOLATED)
output89/X                              1.017161   10.000848   -8.983687 (VIOLATED)
output91/X                              1.017161   10.000838   -8.983677 (VIOLATED)
output87/X                              1.017161   10.000820   -8.983660 (VIOLATED)
output86/X                              1.017161   10.000798   -8.983637 (VIOLATED)
output80/X                              1.017161   10.000783   -8.983622 (VIOLATED)
output81/X                              1.017161   10.000790   -8.983628 (VIOLATED)
output88/X                              1.017161   10.000791   -8.983630 (VIOLATED)
output92/X                              1.017161   10.000793   -8.983631 (VIOLATED)
output76/X                              1.017161   10.000757   -8.983596 (VIOLATED)
output82/X                              1.017161   10.000763   -8.983603 (VIOLATED)
output73/X                              1.017161   10.000544   -8.983382 (VIOLATED)
output93/X                              1.017161   10.000515   -8.983354 (VIOLATED)
output95/X                              1.017161   10.000515   -8.983354 (VIOLATED)
output97/X                              1.017161   10.000517   -8.983356 (VIOLATED)
output68/X                              1.017161   10.000504   -8.983344 (VIOLATED)
output90/X                              1.017161   10.000486   -8.983325 (VIOLATED)
output96/X                              1.017161   10.000494   -8.983333 (VIOLATED)
output66/X                              1.017161   10.000445   -8.983285 (VIOLATED)
output79/X                              1.017161   10.000444   -8.983283 (VIOLATED)
output94/X                              1.017161   10.000393   -8.983232 (VIOLATED)
output99/X                              1.017161   10.000401   -8.983239 (VIOLATED)
output69/X                              1.017161   10.000381   -8.983220 (VIOLATED)
output72/X                              1.017161   10.000370   -8.983210 (VIOLATED)
output70/X                              1.017161   10.000340   -8.983178 (VIOLATED)
output71/X                              1.017161   10.000317   -8.983155 (VIOLATED)
output98/X                              1.017161   10.000317   -8.983155 (VIOLATED)



===========================================================================
report_parasitic_annotation -report_unannotated
============================================================================
Found 1 unannotated drivers.
 clk
Found 0 partially unannotated drivers.

===========================================================================
max slew violation count 34
max fanout violation count 0
max cap violation count 34
============================================================================

===========================================================================
check_setup -verbose -unconstrained_endpoints -multiple_clock -no_clock -no_input_delay -loops -generated_clocks
===========================================================================
