
===========================================================================
report_checks -unconstrained
===========================================================================
======================= min_ff_n40C_1v95 Corner ===================================

Startpoint: b[1] (input port clocked by clk)
Endpoint: sum[31] (output port clocked by clk)
Path Group: clk
Path Type: max

Fanout         Cap        Slew       Delay        Time   Description
---------------------------------------------------------------------------------------------
                                  0.000000    0.000000   clock clk (rise edge)
                                  0.000000    0.000000   clock network delay (propagated)
                                  1.000000    1.000000 ^ input external delay
     1    0.002705    0.000000    0.000000    1.000000 ^ b[1] (in)
                                                         b[1] (net)
                      0.000022    0.000011    1.000011 ^ input44/A (sky130_fd_sc_hd__buf_1)
     4    0.017753    0.158663    0.130887    1.130898 ^ input44/X (sky130_fd_sc_hd__buf_1)
                                                         net44 (net)
                      0.158668    0.000700    1.131598 ^ _298_/A (sky130_fd_sc_hd__nand2_1)
     3    0.011095    0.073368    0.075373    1.206971 v _298_/Y (sky130_fd_sc_hd__nand2_1)
                                                         _082_ (net)
                      0.073368    0.000170    1.207141 v _304_/A (sky130_fd_sc_hd__nand3_2)
     3    0.018447    0.086702    0.092881    1.300021 ^ _304_/Y (sky130_fd_sc_hd__nand3_2)
                                                         _088_ (net)
                      0.086736    0.000571    1.300592 ^ _308_/B1 (sky130_fd_sc_hd__a22oi_4)
     3    0.022169    0.063156    0.051753    1.352345 v _308_/Y (sky130_fd_sc_hd__a22oi_4)
                                                         _092_ (net)
                      0.063160    0.000862    1.353207 v _311_/B2 (sky130_fd_sc_hd__o221ai_4)
     3    0.010227    0.131534    0.117128    1.470336 ^ _311_/Y (sky130_fd_sc_hd__o221ai_4)
                                                         _095_ (net)
                      0.131534    0.000190    1.470526 ^ _315_/C1 (sky130_fd_sc_hd__o211ai_1)
     1    0.003182    0.048126    0.044338    1.514864 v _315_/Y (sky130_fd_sc_hd__o211ai_1)
                                                         _099_ (net)
                      0.048126    0.000028    1.514892 v _317_/C1 (sky130_fd_sc_hd__o211ai_1)
     2    0.006034    0.141115    0.077613    1.592505 ^ _317_/Y (sky130_fd_sc_hd__o211ai_1)
                                                         _101_ (net)
                      0.141115    0.000091    1.592596 ^ _321_/C1 (sky130_fd_sc_hd__o211ai_1)
     1    0.003158    0.049583    0.044122    1.636718 v _321_/Y (sky130_fd_sc_hd__o211ai_1)
                                                         _105_ (net)
                      0.049583    0.000027    1.636745 v _323_/C1 (sky130_fd_sc_hd__o211ai_1)
     1    0.003112    0.105029    0.060911    1.697655 ^ _323_/Y (sky130_fd_sc_hd__o211ai_1)
                                                         _107_ (net)
                      0.105029    0.000020    1.697676 ^ _327_/C1 (sky130_fd_sc_hd__o211ai_1)
     1    0.005569    0.058809    0.054234    1.751910 v _327_/Y (sky130_fd_sc_hd__o211ai_1)
                                                         _111_ (net)
                      0.058809    0.000059    1.751968 v _329_/C1 (sky130_fd_sc_hd__o211ai_2)
     2    0.012797    0.154731    0.074881    1.826849 ^ _329_/Y (sky130_fd_sc_hd__o211ai_2)
                                                         _113_ (net)
                      0.154731    0.000150    1.826999 ^ _333_/C1 (sky130_fd_sc_hd__o211ai_4)
     2    0.014850    0.058068    0.049740    1.876740 v _333_/Y (sky130_fd_sc_hd__o211ai_4)
                                                         _117_ (net)
                      0.058069    0.000536    1.877276 v _335_/C1 (sky130_fd_sc_hd__o211ai_4)
     3    0.018450    0.162794    0.079487    1.956763 ^ _335_/Y (sky130_fd_sc_hd__o211ai_4)
                                                         _119_ (net)
                      0.162795    0.000645    1.957408 ^ _340_/C1 (sky130_fd_sc_hd__o211ai_2)
     1    0.009072    0.061877    0.057295    2.014703 v _340_/Y (sky130_fd_sc_hd__o211ai_2)
                                                         _124_ (net)
                      0.061877    0.000085    2.014787 v _341_/C1 (sky130_fd_sc_hd__o211ai_4)
     2    0.019640    0.168117    0.083621    2.098408 ^ _341_/Y (sky130_fd_sc_hd__o211ai_4)
                                                         _125_ (net)
                      0.168117    0.000289    2.098697 ^ _345_/C1 (sky130_fd_sc_hd__o211ai_4)
     2    0.021979    0.070127    0.062004    2.160701 v _345_/Y (sky130_fd_sc_hd__o211ai_4)
                                                         _129_ (net)
                      0.070138    0.000669    2.161370 v _347_/C1 (sky130_fd_sc_hd__o211ai_4)
     1    0.043177    0.274176    0.128484    2.289855 ^ _347_/Y (sky130_fd_sc_hd__o211ai_4)
                                                         _131_ (net)
                      0.274673    0.008896    2.298750 ^ _351_/C1 (sky130_fd_sc_hd__o211ai_2)
     1    0.009291    0.081882    0.061374    2.360124 v _351_/Y (sky130_fd_sc_hd__o211ai_2)
                                                         _135_ (net)
                      0.081892    0.000385    2.360510 v _353_/C1 (sky130_fd_sc_hd__o211ai_1)
     2    0.008338    0.169774    0.105624    2.466134 ^ _353_/Y (sky130_fd_sc_hd__o211ai_1)
                                                         _137_ (net)
                      0.169774    0.000154    2.466288 ^ _358_/C1 (sky130_fd_sc_hd__o211ai_1)
     1    0.003315    0.054811    0.044796    2.511083 v _358_/Y (sky130_fd_sc_hd__o211ai_1)
                                                         _142_ (net)
                      0.054811    0.000043    2.511126 v _360_/C1 (sky130_fd_sc_hd__o211ai_1)
     1    0.003800    0.113545    0.067123    2.578249 ^ _360_/Y (sky130_fd_sc_hd__o211ai_1)
                                                         _144_ (net)
                      0.113545    0.000036    2.578285 ^ _364_/C1 (sky130_fd_sc_hd__o211ai_1)
     2    0.008349    0.070215    0.068182    2.646467 v _364_/Y (sky130_fd_sc_hd__o211ai_1)
                                                         _148_ (net)
                      0.070215    0.000204    2.646672 v _366_/C1 (sky130_fd_sc_hd__o211ai_1)
     2    0.007334    0.157313    0.094614    2.741286 ^ _366_/Y (sky130_fd_sc_hd__o211ai_1)
                                                         _150_ (net)
                      0.157313    0.000112    2.741397 ^ _370_/C1 (sky130_fd_sc_hd__o211ai_1)
     1    0.004501    0.057244    0.051663    2.793060 v _370_/Y (sky130_fd_sc_hd__o211ai_1)
                                                         _154_ (net)
                      0.057244    0.000081    2.793141 v _372_/C1 (sky130_fd_sc_hd__o211ai_1)
     2    0.007067    0.153968    0.087413    2.880553 ^ _372_/Y (sky130_fd_sc_hd__o211ai_1)
                                                         _156_ (net)
                      0.153968    0.000133    2.880687 ^ _376_/C1 (sky130_fd_sc_hd__o211ai_1)
     1    0.003510    0.052969    0.046011    2.926697 v _376_/Y (sky130_fd_sc_hd__o211ai_1)
                                                         _160_ (net)
                      0.052969    0.000031    2.926728 v _377_/C1 (sky130_fd_sc_hd__o211ai_1)
     1    0.005607    0.135824    0.076982    3.003710 ^ _377_/Y (sky130_fd_sc_hd__o211ai_1)
                                                         _161_ (net)
                      0.135824    0.000074    3.003784 ^ _381_/C1 (sky130_fd_sc_hd__o211ai_2)
     1    0.009899    0.062371    0.059303    3.063088 v _381_/Y (sky130_fd_sc_hd__o211ai_2)
                                                         _165_ (net)
                      0.062372    0.000196    3.063283 v _383_/C1 (sky130_fd_sc_hd__o211ai_4)
     3    0.016153    0.152629    0.077064    3.140347 ^ _383_/Y (sky130_fd_sc_hd__o211ai_4)
                                                         _167_ (net)
                      0.152630    0.000315    3.140663 ^ _386_/C1 (sky130_fd_sc_hd__o211ai_4)
     4    0.017903    0.061729    0.054800    3.195463 v _386_/Y (sky130_fd_sc_hd__o211ai_4)
                                                         _170_ (net)
                      0.061739    0.000579    3.196042 v _387_/C1 (sky130_fd_sc_hd__o211ai_2)
     3    0.015567    0.174536    0.083660    3.279702 ^ _387_/Y (sky130_fd_sc_hd__o211ai_2)
                                                         _171_ (net)
                      0.174536    0.000441    3.280143 ^ _463_/C1 (sky130_fd_sc_hd__o221ai_1)
     1    0.004779    0.062701    0.060147    3.340289 v _463_/Y (sky130_fd_sc_hd__o221ai_1)
                                                         _214_ (net)
                      0.062701    0.000088    3.340377 v _465_/A (sky130_fd_sc_hd__nand2_1)
     1    0.002966    0.035329    0.050066    3.390444 ^ _465_/Y (sky130_fd_sc_hd__nand2_1)
                                                         bit_adder[31].FA.sum (net)
                      0.035329    0.000022    3.390465 ^ _479_/A (sky130_fd_sc_hd__buf_1)
     1    0.010182    0.094117    0.096017    3.486482 ^ _479_/X (sky130_fd_sc_hd__buf_1)
                                                         net92 (net)
                      0.094118    0.000219    3.486701 ^ output92/A (sky130_fd_sc_hd__clkbuf_16)
     1   10.000707    7.609230    5.247948    8.734650 ^ output92/X (sky130_fd_sc_hd__clkbuf_16)
                                                         sum[31] (net)
                      7.609797    0.055261    8.789910 ^ sum[31] (out)
                                              8.789910   data arrival time

                                 22.000000   22.000000   clock clk (rise edge)
                                  0.000000   22.000000   clock network delay (propagated)
                                 -0.200000   21.800001   clock uncertainty
                                  0.000000   21.800001   clock reconvergence pessimism
                                 -0.500000   21.300001   output external delay
                                             21.300001   data required time
---------------------------------------------------------------------------------------------
                                             21.300001   data required time
                                             -8.789910   data arrival time
---------------------------------------------------------------------------------------------
                                             12.510090   slack (MET)




===========================================================================
report_checks --slack_max -0.01
============================================================================
======================= min_ff_n40C_1v95 Corner ===================================

No paths found.


===========================================================================
 report_check_types -max_slew -max_cap -max_fanout -violators
============================================================================
======================= min_ff_n40C_1v95 Corner ===================================

max slew

Pin                                        Limit        Slew       Slack
------------------------------------------------------------------------
output74/X                              1.506265    7.680751   -6.174487 (VIOLATED)
output75/X                              1.506265    7.676788   -6.170523 (VIOLATED)
output77/X                              1.506265    7.648732   -6.142467 (VIOLATED)
output78/X                              1.506265    7.623690   -6.117425 (VIOLATED)
output89/X                              1.506265    7.618998   -6.112733 (VIOLATED)
output67/X                              1.506265    7.618163   -6.111898 (VIOLATED)
output85/X                              1.506265    7.616875   -6.110610 (VIOLATED)
output82/X                              1.506265    7.615782   -6.109517 (VIOLATED)
output84/X                              1.506265    7.614658   -6.108394 (VIOLATED)
output83/X                              1.506265    7.614085   -6.107820 (VIOLATED)
output91/X                              1.506265    7.613549   -6.107284 (VIOLATED)
output81/X                              1.506265    7.613473   -6.107208 (VIOLATED)
output66/X                              1.506265    7.613298   -6.107034 (VIOLATED)
output87/X                              1.506265    7.613093   -6.106829 (VIOLATED)
output90/X                              1.506265    7.612658   -6.106392 (VIOLATED)
output97/X                              1.506265    7.612387   -6.106122 (VIOLATED)
output68/X                              1.506265    7.612115   -6.105851 (VIOLATED)
output79/X                              1.506265    7.611727   -6.105462 (VIOLATED)
output69/X                              1.506265    7.611530   -6.105265 (VIOLATED)
output94/X                              1.506265    7.609704   -6.103439 (VIOLATED)
output86/X                              1.506265    7.609534   -6.103269 (VIOLATED)
output92/X                              1.506265    7.609230   -6.102965 (VIOLATED)
output95/X                              1.506265    7.609128   -6.102864 (VIOLATED)
output93/X                              1.506265    7.609108   -6.102843 (VIOLATED)
output88/X                              1.506265    7.609003   -6.102737 (VIOLATED)
output76/X                              1.506265    7.608146   -6.101882 (VIOLATED)
output96/X                              1.506265    7.608027   -6.101761 (VIOLATED)
output72/X                              1.506265    7.607816   -6.101551 (VIOLATED)
output71/X                              1.506265    7.607706   -6.101441 (VIOLATED)
output80/X                              1.506265    7.606515   -6.100251 (VIOLATED)
output70/X                              1.506265    7.605669   -6.099403 (VIOLATED)
output99/X                              1.506265    7.605535   -6.099270 (VIOLATED)
output98/X                              1.506265    7.603623   -6.097358 (VIOLATED)
output73/X                              1.506265    7.601514   -6.095249 (VIOLATED)

max capacitance

Pin                                        Limit         Cap       Slack
------------------------------------------------------------------------
output74/X                              1.953745   10.001265   -8.047520 (VIOLATED)
output75/X                              1.953745   10.001265   -8.047520 (VIOLATED)
output83/X                              1.953745   10.000876   -8.047132 (VIOLATED)
output84/X                              1.953745   10.000837   -8.047092 (VIOLATED)
output77/X                              1.953745   10.000787   -8.047042 (VIOLATED)
output78/X                              1.953745   10.000784   -8.047039 (VIOLATED)
output85/X                              1.953745   10.000774   -8.047030 (VIOLATED)
output67/X                              1.953745   10.000767   -8.047022 (VIOLATED)
output89/X                              1.953745   10.000759   -8.047014 (VIOLATED)
output91/X                              1.953745   10.000751   -8.047006 (VIOLATED)
output81/X                              1.953745   10.000718   -8.046973 (VIOLATED)
output86/X                              1.953745   10.000708   -8.046963 (VIOLATED)
output87/X                              1.953745   10.000712   -8.046968 (VIOLATED)
output88/X                              1.953745   10.000700   -8.046955 (VIOLATED)
output92/X                              1.953745   10.000707   -8.046963 (VIOLATED)
output80/X                              1.953745   10.000692   -8.046947 (VIOLATED)
output76/X                              1.953745   10.000665   -8.046919 (VIOLATED)
output82/X                              1.953745   10.000667   -8.046923 (VIOLATED)
output73/X                              1.953745   10.000483   -8.046737 (VIOLATED)
output68/X                              1.953745   10.000457   -8.046713 (VIOLATED)
output93/X                              1.953745   10.000464   -8.046720 (VIOLATED)
output95/X                              1.953745   10.000464   -8.046720 (VIOLATED)
output97/X                              1.953745   10.000462   -8.046716 (VIOLATED)
output96/X                              1.953745   10.000447   -8.046702 (VIOLATED)
output90/X                              1.953745   10.000434   -8.046688 (VIOLATED)
output66/X                              1.953745   10.000404   -8.046659 (VIOLATED)
output79/X                              1.953745   10.000398   -8.046654 (VIOLATED)
output99/X                              1.953745   10.000362   -8.046618 (VIOLATED)
output69/X                              1.953745   10.000342   -8.046598 (VIOLATED)
output94/X                              1.953745   10.000349   -8.046603 (VIOLATED)
output72/X                              1.953745   10.000335   -8.046590 (VIOLATED)
output70/X                              1.953745   10.000307   -8.046561 (VIOLATED)
output71/X                              1.953745   10.000283   -8.046539 (VIOLATED)
output98/X                              1.953745   10.000283   -8.046539 (VIOLATED)



===========================================================================
report_parasitic_annotation -report_unannotated
============================================================================
Found 1 unannotated drivers.
 clk
Found 0 partially unannotated drivers.

===========================================================================
max slew violation count 34
max fanout violation count 0
max cap violation count 34
============================================================================

===========================================================================
check_setup -verbose -unconstrained_endpoints -multiple_clock -no_clock -no_input_delay -loops -generated_clocks
===========================================================================
