
===========================================================================
report_checks -unconstrained
===========================================================================
======================= nom_ss_100C_1v60 Corner ===================================

Startpoint: cin (input port clocked by clk)
Endpoint: overflow (output port clocked by clk)
Path Group: clk
Path Type: max

Fanout         Cap        Slew       Delay        Time   Description
---------------------------------------------------------------------------------------------
                                  0.000000    0.000000   clock clk (rise edge)
                                  0.000000    0.000000   clock network delay (propagated)
                                  1.000000    1.000000 v input external delay
     1    0.002329    0.000000    0.000000    1.000000 v cin (in)
                                                         cin (net)
                      0.000056    0.000028    1.000028 v input65/A (sky130_fd_sc_hd__buf_1)
     4    0.017644    0.206547    0.251063    1.251091 v input65/X (sky130_fd_sc_hd__buf_1)
                                                         net65 (net)
                      0.206551    0.001212    1.252303 v _302_/A2 (sky130_fd_sc_hd__o21ai_1)
     2    0.007228    0.287885    0.344874    1.597177 ^ _302_/Y (sky130_fd_sc_hd__o21ai_1)
                                                         _086_ (net)
                      0.287885    0.000265    1.597443 ^ _304_/C (sky130_fd_sc_hd__nand3_2)
     3    0.017756    0.266223    0.352681    1.950124 v _304_/Y (sky130_fd_sc_hd__nand3_2)
                                                         _088_ (net)
                      0.266223    0.000936    1.951060 v _308_/B1 (sky130_fd_sc_hd__a22oi_4)
     3    0.024305    0.373407    0.420159    2.371219 ^ _308_/Y (sky130_fd_sc_hd__a22oi_4)
                                                         _092_ (net)
                      0.373409    0.001467    2.372687 ^ _311_/B2 (sky130_fd_sc_hd__o221ai_4)
     3    0.009910    0.191242    0.298962    2.671649 v _311_/Y (sky130_fd_sc_hd__o221ai_4)
                                                         _095_ (net)
                      0.191242    0.000336    2.671984 v _315_/C1 (sky130_fd_sc_hd__o211ai_1)
     1    0.003360    0.258914    0.189977    2.861961 ^ _315_/Y (sky130_fd_sc_hd__o211ai_1)
                                                         _099_ (net)
                      0.258914    0.000079    2.862040 ^ _317_/C1 (sky130_fd_sc_hd__o211ai_1)
     2    0.005829    0.220262    0.298600    3.160639 v _317_/Y (sky130_fd_sc_hd__o211ai_1)
                                                         _101_ (net)
                      0.220262    0.000188    3.160827 v _321_/C1 (sky130_fd_sc_hd__o211ai_1)
     1    0.003326    0.257892    0.203354    3.364181 ^ _321_/Y (sky130_fd_sc_hd__o211ai_1)
                                                         _105_ (net)
                      0.257892    0.000078    3.364259 ^ _323_/C1 (sky130_fd_sc_hd__o211ai_1)
     1    0.003024    0.165106    0.249277    3.613536 v _323_/Y (sky130_fd_sc_hd__o211ai_1)
                                                         _107_ (net)
                      0.165106    0.000066    3.613602 v _327_/C1 (sky130_fd_sc_hd__o211ai_1)
     1    0.005895    0.332770    0.209563    3.823166 ^ _327_/Y (sky130_fd_sc_hd__o211ai_1)
                                                         _111_ (net)
                      0.332770    0.000155    3.823321 ^ _329_/C1 (sky130_fd_sc_hd__o211ai_2)
     2    0.012315    0.233932    0.331784    4.155105 v _329_/Y (sky130_fd_sc_hd__o211ai_2)
                                                         _113_ (net)
                      0.233932    0.000325    4.155430 v _333_/C1 (sky130_fd_sc_hd__o211ai_4)
     2    0.015690    0.309801    0.219720    4.375150 ^ _333_/Y (sky130_fd_sc_hd__o211ai_4)
                                                         _117_ (net)
                      0.309802    0.000902    4.376052 ^ _335_/C1 (sky130_fd_sc_hd__o211ai_4)
     3    0.018866    0.191769    0.277558    4.653610 v _335_/Y (sky130_fd_sc_hd__o211ai_4)
                                                         _119_ (net)
                      0.191771    0.001011    4.654621 v _340_/C1 (sky130_fd_sc_hd__o211ai_2)
     1    0.009663    0.282692    0.182907    4.837528 ^ _340_/Y (sky130_fd_sc_hd__o211ai_2)
                                                         _124_ (net)
                      0.282692    0.000246    4.837774 ^ _341_/C1 (sky130_fd_sc_hd__o211ai_4)
     2    0.018651    0.186777    0.267237    5.105011 v _341_/Y (sky130_fd_sc_hd__o211ai_4)
                                                         _125_ (net)
                      0.186778    0.000604    5.105615 v _345_/C1 (sky130_fd_sc_hd__o211ai_4)
     2    0.023638    0.385281    0.228641    5.334256 ^ _345_/Y (sky130_fd_sc_hd__o211ai_4)
                                                         _129_ (net)
                      0.385282    0.001130    5.335386 ^ _347_/C1 (sky130_fd_sc_hd__o211ai_4)
     1    0.045849    0.344896    0.425147    5.760533 v _347_/Y (sky130_fd_sc_hd__o211ai_4)
                                                         _131_ (net)
                      0.345492    0.011553    5.772086 v _351_/C1 (sky130_fd_sc_hd__o211ai_2)
     1    0.010074    0.289186    0.247183    6.019269 ^ _351_/Y (sky130_fd_sc_hd__o211ai_2)
                                                         _135_ (net)
                      0.289186    0.000583    6.019852 ^ _353_/C1 (sky130_fd_sc_hd__o211ai_1)
     2    0.008399    0.274877    0.354889    6.374742 v _353_/Y (sky130_fd_sc_hd__o211ai_1)
                                                         _137_ (net)
                      0.274877    0.000322    6.375063 v _358_/C1 (sky130_fd_sc_hd__o211ai_1)
     1    0.003497    0.262825    0.227978    6.603041 ^ _358_/Y (sky130_fd_sc_hd__o211ai_1)
                                                         _142_ (net)
                      0.262825    0.000114    6.603154 ^ _360_/C1 (sky130_fd_sc_hd__o211ai_1)
     1    0.003786    0.180681    0.264703    6.867857 v _360_/Y (sky130_fd_sc_hd__o211ai_1)
                                                         _144_ (net)
                      0.180681    0.000096    6.867953 v _364_/C1 (sky130_fd_sc_hd__o211ai_1)
     2    0.008743    0.416830    0.252816    7.120769 ^ _364_/Y (sky130_fd_sc_hd__o211ai_1)
                                                         _148_ (net)
                      0.416830    0.000359    7.121129 ^ _366_/C1 (sky130_fd_sc_hd__o211ai_1)
     2    0.007289    0.265524    0.384729    7.505857 v _366_/Y (sky130_fd_sc_hd__o211ai_1)
                                                         _150_ (net)
                      0.265524    0.000224    7.506081 v _370_/C1 (sky130_fd_sc_hd__o211ai_1)
     1    0.004839    0.302047    0.241822    7.747903 ^ _370_/Y (sky130_fd_sc_hd__o211ai_1)
                                                         _154_ (net)
                      0.302047    0.000186    7.748089 ^ _372_/C1 (sky130_fd_sc_hd__o211ai_1)
     2    0.006998    0.248067    0.335352    8.083441 v _372_/Y (sky130_fd_sc_hd__o211ai_1)
                                                         _156_ (net)
                      0.248067    0.000252    8.083694 v _376_/C1 (sky130_fd_sc_hd__o211ai_1)
     1    0.003755    0.270453    0.220402    8.304095 ^ _376_/Y (sky130_fd_sc_hd__o211ai_1)
                                                         _160_ (net)
                      0.270453    0.000092    8.304188 ^ _377_/C1 (sky130_fd_sc_hd__o211ai_1)
     1    0.005506    0.215341    0.297326    8.601514 v _377_/Y (sky130_fd_sc_hd__o211ai_1)
                                                         _161_ (net)
                      0.215341    0.000185    8.601698 v _381_/C1 (sky130_fd_sc_hd__o211ai_2)
     1    0.010553    0.296764    0.199308    8.801006 ^ _381_/Y (sky130_fd_sc_hd__o211ai_2)
                                                         _165_ (net)
                      0.296765    0.000433    8.801439 ^ _383_/C1 (sky130_fd_sc_hd__o211ai_4)
     3    0.015401    0.172135    0.257400    9.058839 v _383_/Y (sky130_fd_sc_hd__o211ai_4)
                                                         _167_ (net)
                      0.172135    0.000592    9.059431 v _386_/C1 (sky130_fd_sc_hd__o211ai_4)
     4    0.019338    0.344407    0.204937    9.264368 ^ _386_/Y (sky130_fd_sc_hd__o211ai_4)
                                                         _170_ (net)
                      0.344408    0.000965    9.265333 ^ _387_/C1 (sky130_fd_sc_hd__o211ai_2)
     3    0.015502    0.270937    0.365894    9.631227 v _387_/Y (sky130_fd_sc_hd__o211ai_2)
                                                         _171_ (net)
                      0.270937    0.000712    9.631940 v _390_/C1 (sky130_fd_sc_hd__o221ai_2)
     1    0.007071    0.297901    0.199562    9.831502 ^ _390_/Y (sky130_fd_sc_hd__o221ai_2)
                                                         _174_ (net)
                      0.297901    0.000361    9.831863 ^ _392_/B1 (sky130_fd_sc_hd__o31a_1)
     1    0.010274    0.193714    0.423134   10.254997 ^ _392_/X (sky130_fd_sc_hd__o31a_1)
                                                         net67 (net)
                      0.193714    0.000423   10.255420 ^ output67/A (sky130_fd_sc_hd__clkbuf_16)
     1   10.000815   14.565587   10.473845   20.729263 ^ output67/X (sky130_fd_sc_hd__clkbuf_16)
                                                         overflow (net)
                     14.569497    0.201299   20.930563 ^ overflow (out)
                                             20.930563   data arrival time

                                 22.000000   22.000000   clock clk (rise edge)
                                  0.000000   22.000000   clock network delay (propagated)
                                 -0.200000   21.800001   clock uncertainty
                                  0.000000   21.800001   clock reconvergence pessimism
                                 -0.500000   21.300001   output external delay
                                             21.300001   data required time
---------------------------------------------------------------------------------------------
                                             21.300001   data required time
                                            -20.930563   data arrival time
---------------------------------------------------------------------------------------------
                                              0.369438   slack (MET)




===========================================================================
report_checks --slack_max -0.01
============================================================================
======================= nom_ss_100C_1v60 Corner ===================================

No paths found.


===========================================================================
 report_check_types -max_slew -max_cap -max_fanout -violators
============================================================================
======================= nom_ss_100C_1v60 Corner ===================================

max slew

Pin                                        Limit        Slew       Slack
------------------------------------------------------------------------
output74/X                              1.502104   14.622766  -13.120662 (VIOLATED)
output75/X                              1.502104   14.613999  -13.111895 (VIOLATED)
output77/X                              1.502104   14.580173  -13.078070 (VIOLATED)
output78/X                              1.502104   14.577247  -13.075142 (VIOLATED)
output89/X                              1.502104   14.568741  -13.066636 (VIOLATED)
output82/X                              1.502104   14.567500  -13.065396 (VIOLATED)
output67/X                              1.502104   14.565587  -13.063483 (VIOLATED)
output69/X                              1.502104   14.563270  -13.061165 (VIOLATED)
output81/X                              1.502104   14.561869  -13.059764 (VIOLATED)
output87/X                              1.502104   14.561383  -13.059279 (VIOLATED)
output68/X                              1.502104   14.560109  -13.058004 (VIOLATED)
output85/X                              1.502104   14.560046  -13.057941 (VIOLATED)
output66/X                              1.502104   14.559870  -13.057766 (VIOLATED)
output91/X                              1.502104   14.559772  -13.057668 (VIOLATED)
output71/X                              1.502104   14.558654  -13.056550 (VIOLATED)
output79/X                              1.502104   14.558661  -13.056557 (VIOLATED)
output90/X                              1.502104   14.558372  -13.056269 (VIOLATED)
output97/X                              1.502104   14.558297  -13.056193 (VIOLATED)
output84/X                              1.502104   14.558084  -13.055981 (VIOLATED)
output83/X                              1.502104   14.557714  -13.055610 (VIOLATED)
output94/X                              1.502104   14.556193  -13.054089 (VIOLATED)
output96/X                              1.502104   14.555585  -13.053480 (VIOLATED)
output95/X                              1.502104   14.555451  -13.053348 (VIOLATED)
output93/X                              1.502104   14.555426  -13.053322 (VIOLATED)
output76/X                              1.502104   14.555273  -13.053168 (VIOLATED)
output88/X                              1.502104   14.554024  -13.051919 (VIOLATED)
output92/X                              1.502104   14.553903  -13.051798 (VIOLATED)
output72/X                              1.502104   14.553882  -13.051778 (VIOLATED)
output80/X                              1.502104   14.553002  -13.050898 (VIOLATED)
output86/X                              1.502104   14.551558  -13.049455 (VIOLATED)
output70/X                              1.502104   14.550752  -13.048647 (VIOLATED)
output98/X                              1.502104   14.548265  -13.046160 (VIOLATED)
output99/X                              1.502104   14.546445  -13.044340 (VIOLATED)
output73/X                              1.502104   14.544444  -13.042340 (VIOLATED)

max capacitance

Pin                                        Limit         Cap       Slack
------------------------------------------------------------------------
output74/X                              1.017161   10.001353   -8.984192 (VIOLATED)
output75/X                              1.017161   10.001353   -8.984192 (VIOLATED)
output83/X                              1.017161   10.000944   -8.983783 (VIOLATED)
output84/X                              1.017161   10.000900   -8.983739 (VIOLATED)
output77/X                              1.017161   10.000841   -8.983680 (VIOLATED)
output78/X                              1.017161   10.000835   -8.983674 (VIOLATED)
output67/X                              1.017161   10.000815   -8.983654 (VIOLATED)
output85/X                              1.017161   10.000824   -8.983663 (VIOLATED)
output89/X                              1.017161   10.000806   -8.983644 (VIOLATED)
output91/X                              1.017161   10.000793   -8.983632 (VIOLATED)
output87/X                              1.017161   10.000765   -8.983603 (VIOLATED)
output81/X                              1.017161   10.000751   -8.983590 (VIOLATED)
output86/X                              1.017161   10.000751   -8.983589 (VIOLATED)
output80/X                              1.017161   10.000738   -8.983577 (VIOLATED)
output88/X                              1.017161   10.000747   -8.983585 (VIOLATED)
output92/X                              1.017161   10.000754   -8.983593 (VIOLATED)
output76/X                              1.017161   10.000710   -8.983549 (VIOLATED)
output82/X                              1.017161   10.000714   -8.983553 (VIOLATED)
output73/X                              1.017161   10.000513   -8.983353 (VIOLATED)
output68/X                              1.017161   10.000484   -8.983323 (VIOLATED)
output93/X                              1.017161   10.000492   -8.983331 (VIOLATED)
output95/X                              1.017161   10.000492   -8.983331 (VIOLATED)
output97/X                              1.017161   10.000490   -8.983329 (VIOLATED)
output96/X                              1.017161   10.000473   -8.983312 (VIOLATED)
output90/X                              1.017161   10.000461   -8.983299 (VIOLATED)
output66/X                              1.017161   10.000427   -8.983267 (VIOLATED)
output79/X                              1.017161   10.000422   -8.983261 (VIOLATED)
output99/X                              1.017161   10.000383   -8.983222 (VIOLATED)
output69/X                              1.017161   10.000362   -8.983201 (VIOLATED)
output94/X                              1.017161   10.000371   -8.983210 (VIOLATED)
output72/X                              1.017161   10.000354   -8.983192 (VIOLATED)
output70/X                              1.017161   10.000324   -8.983163 (VIOLATED)
output71/X                              1.017161   10.000301   -8.983140 (VIOLATED)
output98/X                              1.017161   10.000301   -8.983140 (VIOLATED)



===========================================================================
report_parasitic_annotation -report_unannotated
============================================================================
Found 1 unannotated drivers.
 clk
Found 0 partially unannotated drivers.

===========================================================================
max slew violation count 34
max fanout violation count 0
max cap violation count 34
============================================================================

===========================================================================
check_setup -verbose -unconstrained_endpoints -multiple_clock -no_clock -no_input_delay -loops -generated_clocks
===========================================================================
