
===========================================================================
report_checks -unconstrained
===========================================================================
======================= nom_ff_n40C_1v95 Corner ===================================

Startpoint: b[1] (input port clocked by clk)
Endpoint: sum[31] (output port clocked by clk)
Path Group: clk
Path Type: max

Fanout         Cap        Slew       Delay        Time   Description
---------------------------------------------------------------------------------------------
                                  0.000000    0.000000   clock clk (rise edge)
                                  0.000000    0.000000   clock network delay (propagated)
                                  1.000000    1.000000 ^ input external delay
     1    0.002731    0.000000    0.000000    1.000000 ^ b[1] (in)
                                                         b[1] (net)
                      0.000070    0.000035    1.000035 ^ input44/A (sky130_fd_sc_hd__buf_1)
     4    0.018528    0.165303    0.135199    1.135234 ^ input44/X (sky130_fd_sc_hd__buf_1)
                                                         net44 (net)
                      0.165313    0.001061    1.136294 ^ _298_/A (sky130_fd_sc_hd__nand2_1)
     3    0.011393    0.075767    0.076918    1.213213 v _298_/Y (sky130_fd_sc_hd__nand2_1)
                                                         _082_ (net)
                      0.075770    0.000365    1.213578 v _304_/A (sky130_fd_sc_hd__nand3_2)
     3    0.018907    0.088371    0.094873    1.308451 ^ _304_/Y (sky130_fd_sc_hd__nand3_2)
                                                         _088_ (net)
                      0.088390    0.001007    1.309459 ^ _308_/B1 (sky130_fd_sc_hd__a22oi_4)
     3    0.022812    0.064330    0.052503    1.361961 v _308_/Y (sky130_fd_sc_hd__a22oi_4)
                                                         _092_ (net)
                      0.064350    0.001365    1.363326 v _311_/B2 (sky130_fd_sc_hd__o221ai_4)
     3    0.010480    0.132549    0.118451    1.481777 ^ _311_/Y (sky130_fd_sc_hd__o221ai_4)
                                                         _095_ (net)
                      0.132550    0.000356    1.482133 ^ _315_/C1 (sky130_fd_sc_hd__o211ai_1)
     1    0.003258    0.048562    0.044723    1.526856 v _315_/Y (sky130_fd_sc_hd__o211ai_1)
                                                         _099_ (net)
                      0.048562    0.000076    1.526932 v _317_/C1 (sky130_fd_sc_hd__o211ai_1)
     2    0.006142    0.142445    0.078376    1.605308 ^ _317_/Y (sky130_fd_sc_hd__o211ai_1)
                                                         _101_ (net)
                      0.142445    0.000199    1.605506 ^ _321_/C1 (sky130_fd_sc_hd__o211ai_1)
     1    0.003224    0.050045    0.044465    1.649972 v _321_/Y (sky130_fd_sc_hd__o211ai_1)
                                                         _105_ (net)
                      0.050045    0.000076    1.650048 v _323_/C1 (sky130_fd_sc_hd__o211ai_1)
     1    0.003181    0.105859    0.061490    1.711538 ^ _323_/Y (sky130_fd_sc_hd__o211ai_1)
                                                         _107_ (net)
                      0.105859    0.000070    1.711608 ^ _327_/C1 (sky130_fd_sc_hd__o211ai_1)
     1    0.005709    0.060207    0.054998    1.766606 v _327_/Y (sky130_fd_sc_hd__o211ai_1)
                                                         _111_ (net)
                      0.060207    0.000150    1.766755 v _329_/C1 (sky130_fd_sc_hd__o211ai_2)
     2    0.012978    0.156000    0.075871    1.842626 ^ _329_/Y (sky130_fd_sc_hd__o211ai_2)
                                                         _113_ (net)
                      0.156001    0.000343    1.842969 ^ _333_/C1 (sky130_fd_sc_hd__o211ai_4)
     2    0.015192    0.058721    0.050210    1.893179 v _333_/Y (sky130_fd_sc_hd__o211ai_4)
                                                         _117_ (net)
                      0.058725    0.000866    1.894045 v _335_/C1 (sky130_fd_sc_hd__o211ai_4)
     3    0.019420    0.167063    0.081447    1.975492 ^ _335_/Y (sky130_fd_sc_hd__o211ai_4)
                                                         _119_ (net)
                      0.167065    0.001045    1.976537 ^ _340_/C1 (sky130_fd_sc_hd__o211ai_2)
     1    0.009133    0.062804    0.057585    2.034122 v _340_/Y (sky130_fd_sc_hd__o211ai_2)
                                                         _124_ (net)
                      0.062804    0.000232    2.034355 v _341_/C1 (sky130_fd_sc_hd__o211ai_4)
     2    0.019839    0.168979    0.084232    2.118587 ^ _341_/Y (sky130_fd_sc_hd__o211ai_4)
                                                         _125_ (net)
                      0.168979    0.000642    2.119229 ^ _345_/C1 (sky130_fd_sc_hd__o211ai_4)
     2    0.022594    0.071265    0.062920    2.182148 v _345_/Y (sky130_fd_sc_hd__o211ai_4)
                                                         _129_ (net)
                      0.071292    0.001075    2.183223 v _347_/C1 (sky130_fd_sc_hd__o211ai_4)
     1    0.046066    0.287318    0.133041    2.316264 ^ _347_/Y (sky130_fd_sc_hd__o211ai_4)
                                                         _131_ (net)
                      0.288119    0.011630    2.327894 ^ _351_/C1 (sky130_fd_sc_hd__o211ai_2)
     1    0.009972    0.086496    0.064346    2.392240 v _351_/Y (sky130_fd_sc_hd__o211ai_2)
                                                         _135_ (net)
                      0.086497    0.000574    2.392814 v _353_/C1 (sky130_fd_sc_hd__o211ai_1)
     2    0.008712    0.174412    0.109728    2.502542 ^ _353_/Y (sky130_fd_sc_hd__o211ai_1)
                                                         _137_ (net)
                      0.174412    0.000332    2.502874 ^ _358_/C1 (sky130_fd_sc_hd__o211ai_1)
     1    0.003395    0.055881    0.045222    2.548096 v _358_/Y (sky130_fd_sc_hd__o211ai_1)
                                                         _142_ (net)
                      0.055881    0.000110    2.548206 v _360_/C1 (sky130_fd_sc_hd__o211ai_1)
     1    0.003943    0.115290    0.068400    2.616606 ^ _360_/Y (sky130_fd_sc_hd__o211ai_1)
                                                         _144_ (net)
                      0.115290    0.000101    2.616707 ^ _364_/C1 (sky130_fd_sc_hd__o211ai_1)
     2    0.008673    0.072456    0.069703    2.686410 v _364_/Y (sky130_fd_sc_hd__o211ai_1)
                                                         _148_ (net)
                      0.072457    0.000355    2.686765 v _366_/C1 (sky130_fd_sc_hd__o211ai_1)
     2    0.007602    0.160624    0.097136    2.783901 ^ _366_/Y (sky130_fd_sc_hd__o211ai_1)
                                                         _150_ (net)
                      0.160624    0.000234    2.784135 ^ _370_/C1 (sky130_fd_sc_hd__o211ai_1)
     1    0.004737    0.058716    0.053021    2.837156 v _370_/Y (sky130_fd_sc_hd__o211ai_1)
                                                         _154_ (net)
                      0.058716    0.000181    2.837337 v _372_/C1 (sky130_fd_sc_hd__o211ai_1)
     2    0.007311    0.157001    0.089433    2.926770 ^ _372_/Y (sky130_fd_sc_hd__o211ai_1)
                                                         _156_ (net)
                      0.157001    0.000264    2.927035 ^ _376_/C1 (sky130_fd_sc_hd__o211ai_1)
     1    0.003653    0.054008    0.046800    2.973835 v _376_/Y (sky130_fd_sc_hd__o211ai_1)
                                                         _160_ (net)
                      0.054008    0.000090    2.973925 v _377_/C1 (sky130_fd_sc_hd__o211ai_1)
     1    0.005723    0.137254    0.078057    3.051982 ^ _377_/Y (sky130_fd_sc_hd__o211ai_1)
                                                         _161_ (net)
                      0.137254    0.000193    3.052174 ^ _381_/C1 (sky130_fd_sc_hd__o211ai_2)
     1    0.010023    0.063271    0.059611    3.111785 v _381_/Y (sky130_fd_sc_hd__o211ai_2)
                                                         _165_ (net)
                      0.063272    0.000409    3.112194 v _383_/C1 (sky130_fd_sc_hd__o211ai_4)
     3    0.016457    0.153957    0.077913    3.190107 ^ _383_/Y (sky130_fd_sc_hd__o211ai_4)
                                                         _167_ (net)
                      0.153958    0.000629    3.190736 ^ _386_/C1 (sky130_fd_sc_hd__o211ai_4)
     4    0.018526    0.062823    0.055726    3.246462 v _386_/Y (sky130_fd_sc_hd__o211ai_4)
                                                         _170_ (net)
                      0.062847    0.000925    3.247387 v _387_/C1 (sky130_fd_sc_hd__o211ai_2)
     3    0.016107    0.178506    0.085473    3.332859 ^ _387_/Y (sky130_fd_sc_hd__o211ai_2)
                                                         _171_ (net)
                      0.178506    0.000722    3.333581 ^ _463_/C1 (sky130_fd_sc_hd__o221ai_1)
     1    0.004998    0.064378    0.061685    3.395266 v _463_/Y (sky130_fd_sc_hd__o221ai_1)
                                                         _214_ (net)
                      0.064378    0.000200    3.395466 v _465_/A (sky130_fd_sc_hd__nand2_1)
     1    0.003035    0.035746    0.050988    3.446454 ^ _465_/Y (sky130_fd_sc_hd__nand2_1)
                                                         bit_adder[31].FA.sum (net)
                      0.035746    0.000068    3.446522 ^ _479_/A (sky130_fd_sc_hd__buf_1)
     1    0.010345    0.095532    0.096904    3.543426 ^ _479_/X (sky130_fd_sc_hd__buf_1)
                                                         net92 (net)
                      0.095535    0.000455    3.543881 ^ output92/A (sky130_fd_sc_hd__clkbuf_16)
     1   10.000754    7.709865    5.215191    8.759072 ^ output92/X (sky130_fd_sc_hd__clkbuf_16)
                                                         sum[31] (net)
                      7.716619    0.188952    8.948024 ^ sum[31] (out)
                                              8.948024   data arrival time

                                 22.000000   22.000000   clock clk (rise edge)
                                  0.000000   22.000000   clock network delay (propagated)
                                 -0.200000   21.800001   clock uncertainty
                                  0.000000   21.800001   clock reconvergence pessimism
                                 -0.500000   21.300001   output external delay
                                             21.300001   data required time
---------------------------------------------------------------------------------------------
                                             21.300001   data required time
                                             -8.948024   data arrival time
---------------------------------------------------------------------------------------------
                                             12.351976   slack (MET)




===========================================================================
report_checks --slack_max -0.01
============================================================================
======================= nom_ff_n40C_1v95 Corner ===================================

No paths found.


===========================================================================
 report_check_types -max_slew -max_cap -max_fanout -violators
============================================================================
======================= nom_ff_n40C_1v95 Corner ===================================

max slew

Pin                                        Limit        Slew       Slack
------------------------------------------------------------------------
output74/X                              1.506265    7.772434   -6.266170 (VIOLATED)
output75/X                              1.506265    7.766389   -6.260125 (VIOLATED)
output77/X                              1.506265    7.733913   -6.227648 (VIOLATED)
output78/X                              1.506265    7.726961   -6.220695 (VIOLATED)
output89/X                              1.506265    7.723702   -6.217437 (VIOLATED)
output67/X                              1.506265    7.721360   -6.215095 (VIOLATED)
output85/X                              1.506265    7.718642   -6.212377 (VIOLATED)
output84/X                              1.506265    7.717700   -6.211435 (VIOLATED)
output83/X                              1.506265    7.717057   -6.210793 (VIOLATED)
output82/X                              1.506265    7.716523   -6.210258 (VIOLATED)
output87/X                              1.506265    7.715518   -6.209252 (VIOLATED)
output81/X                              1.506265    7.715399   -6.209134 (VIOLATED)
output66/X                              1.506265    7.715317   -6.209052 (VIOLATED)
output90/X                              1.506265    7.715001   -6.208736 (VIOLATED)
output97/X                              1.506265    7.714884   -6.208619 (VIOLATED)
output91/X                              1.506265    7.714763   -6.208498 (VIOLATED)
output79/X                              1.506265    7.713847   -6.207582 (VIOLATED)
output68/X                              1.506265    7.713721   -6.207457 (VIOLATED)
output69/X                              1.506265    7.712916   -6.206651 (VIOLATED)
output96/X                              1.506265    7.712540   -6.206275 (VIOLATED)
output94/X                              1.506265    7.711654   -6.205389 (VIOLATED)
output86/X                              1.506265    7.711508   -6.205243 (VIOLATED)
output88/X                              1.506265    7.711196   -6.204931 (VIOLATED)
output95/X                              1.506265    7.710907   -6.204643 (VIOLATED)
output93/X                              1.506265    7.710887   -6.204622 (VIOLATED)
output71/X                              1.506265    7.709932   -6.203668 (VIOLATED)
output92/X                              1.506265    7.709865   -6.203600 (VIOLATED)
output80/X                              1.506265    7.709842   -6.203577 (VIOLATED)
output76/X                              1.506265    7.709666   -6.203401 (VIOLATED)
output72/X                              1.506265    7.709338   -6.203074 (VIOLATED)
output99/X                              1.506265    7.707044   -6.200779 (VIOLATED)
output70/X                              1.506265    7.706863   -6.200598 (VIOLATED)
output73/X                              1.506265    7.705113   -6.198848 (VIOLATED)
output98/X                              1.506265    7.704524   -6.198258 (VIOLATED)

max capacitance

Pin                                        Limit         Cap       Slack
------------------------------------------------------------------------
output74/X                              1.953745   10.001353   -8.047607 (VIOLATED)
output75/X                              1.953745   10.001353   -8.047607 (VIOLATED)
output83/X                              1.953745   10.000944   -8.047198 (VIOLATED)
output84/X                              1.953745   10.000900   -8.047155 (VIOLATED)
output77/X                              1.953745   10.000841   -8.047096 (VIOLATED)
output78/X                              1.953745   10.000835   -8.047091 (VIOLATED)
output85/X                              1.953745   10.000824   -8.047079 (VIOLATED)
output67/X                              1.953745   10.000815   -8.047070 (VIOLATED)
output89/X                              1.953745   10.000806   -8.047061 (VIOLATED)
output91/X                              1.953745   10.000793   -8.047050 (VIOLATED)
output87/X                              1.953745   10.000765   -8.047020 (VIOLATED)
output81/X                              1.953745   10.000751   -8.047006 (VIOLATED)
output86/X                              1.953745   10.000751   -8.047006 (VIOLATED)
output88/X                              1.953745   10.000747   -8.047003 (VIOLATED)
output92/X                              1.953745   10.000754   -8.047009 (VIOLATED)
output80/X                              1.953745   10.000738   -8.046993 (VIOLATED)
output76/X                              1.953745   10.000710   -8.046966 (VIOLATED)
output82/X                              1.953745   10.000714   -8.046969 (VIOLATED)
output73/X                              1.953745   10.000513   -8.046768 (VIOLATED)
output93/X                              1.953745   10.000492   -8.046747 (VIOLATED)
output95/X                              1.953745   10.000492   -8.046747 (VIOLATED)
output68/X                              1.953745   10.000484   -8.046739 (VIOLATED)
output97/X                              1.953745   10.000490   -8.046745 (VIOLATED)
output96/X                              1.953745   10.000473   -8.046728 (VIOLATED)
output90/X                              1.953745   10.000461   -8.046716 (VIOLATED)
output66/X                              1.953745   10.000427   -8.046683 (VIOLATED)
output79/X                              1.953745   10.000422   -8.046678 (VIOLATED)
output99/X                              1.953745   10.000383   -8.046638 (VIOLATED)
output94/X                              1.953745   10.000371   -8.046626 (VIOLATED)
output69/X                              1.953745   10.000362   -8.046618 (VIOLATED)
output72/X                              1.953745   10.000354   -8.046609 (VIOLATED)
output70/X                              1.953745   10.000324   -8.046579 (VIOLATED)
output71/X                              1.953745   10.000301   -8.046556 (VIOLATED)
output98/X                              1.953745   10.000301   -8.046556 (VIOLATED)



===========================================================================
report_parasitic_annotation -report_unannotated
============================================================================
Found 1 unannotated drivers.
 clk
Found 0 partially unannotated drivers.

===========================================================================
max slew violation count 34
max fanout violation count 0
max cap violation count 34
============================================================================

===========================================================================
check_setup -verbose -unconstrained_endpoints -multiple_clock -no_clock -no_input_delay -loops -generated_clocks
===========================================================================
