
===========================================================================
report_checks -unconstrained
===========================================================================
======================= min_ss_100C_1v60 Corner ===================================

Startpoint: cin (input port clocked by clk)
Endpoint: overflow (output port clocked by clk)
Path Group: clk
Path Type: max

Fanout         Cap        Slew       Delay        Time   Description
---------------------------------------------------------------------------------------------
                                  0.000000    0.000000   clock clk (rise edge)
                                  0.000000    0.000000   clock network delay (propagated)
                                  1.000000    1.000000 v input external delay
     1    0.002310    0.000000    0.000000    1.000000 v cin (in)
                                                         cin (net)
                      0.000015    0.000008    1.000008 v input65/A (sky130_fd_sc_hd__buf_1)
     4    0.016820    0.197526    0.244754    1.244762 v input65/X (sky130_fd_sc_hd__buf_1)
                                                         net65 (net)
                      0.197527    0.000834    1.245596 v _302_/A2 (sky130_fd_sc_hd__o21ai_1)
     2    0.007138    0.295308    0.339191    1.584787 ^ _302_/Y (sky130_fd_sc_hd__o21ai_1)
                                                         _086_ (net)
                      0.295308    0.000105    1.584892 ^ _304_/C (sky130_fd_sc_hd__nand3_2)
     3    0.017296    0.260968    0.350880    1.935772 v _304_/Y (sky130_fd_sc_hd__nand3_2)
                                                         _088_ (net)
                      0.260968    0.000530    1.936302 v _308_/B1 (sky130_fd_sc_hd__a22oi_4)
     3    0.023662    0.367423    0.413172    2.349473 ^ _308_/Y (sky130_fd_sc_hd__a22oi_4)
                                                         _092_ (net)
                      0.367423    0.000928    2.350401 ^ _311_/B2 (sky130_fd_sc_hd__o221ai_4)
     3    0.009657    0.188985    0.295789    2.646190 v _311_/Y (sky130_fd_sc_hd__o221ai_4)
                                                         _095_ (net)
                      0.188985    0.000179    2.646370 v _315_/C1 (sky130_fd_sc_hd__o211ai_1)
     1    0.003284    0.260558    0.187934    2.834304 ^ _315_/Y (sky130_fd_sc_hd__o211ai_1)
                                                         _099_ (net)
                      0.260558    0.000030    2.834333 ^ _317_/C1 (sky130_fd_sc_hd__o211ai_1)
     2    0.005721    0.218347    0.297384    3.131717 v _317_/Y (sky130_fd_sc_hd__o211ai_1)
                                                         _101_ (net)
                      0.218347    0.000086    3.131803 v _321_/C1 (sky130_fd_sc_hd__o211ai_1)
     1    0.003260    0.259756    0.201588    3.333391 ^ _321_/Y (sky130_fd_sc_hd__o211ai_1)
                                                         _105_ (net)
                      0.259756    0.000028    3.333419 ^ _323_/C1 (sky130_fd_sc_hd__o211ai_1)
     1    0.002955    0.166822    0.248669    3.582088 v _323_/Y (sky130_fd_sc_hd__o211ai_1)
                                                         _107_ (net)
                      0.166822    0.000019    3.582107 v _327_/C1 (sky130_fd_sc_hd__o211ai_1)
     1    0.005755    0.338031    0.208643    3.790750 ^ _327_/Y (sky130_fd_sc_hd__o211ai_1)
                                                         _111_ (net)
                      0.338031    0.000061    3.790811 ^ _329_/C1 (sky130_fd_sc_hd__o211ai_2)
     2    0.012134    0.232591    0.332212    4.123023 v _329_/Y (sky130_fd_sc_hd__o211ai_2)
                                                         _113_ (net)
                      0.232591    0.000143    4.123165 v _333_/C1 (sky130_fd_sc_hd__o211ai_4)
     2    0.015348    0.306553    0.217882    4.341047 ^ _333_/Y (sky130_fd_sc_hd__o211ai_4)
                                                         _117_ (net)
                      0.306553    0.000559    4.341605 ^ _335_/C1 (sky130_fd_sc_hd__o211ai_4)
     3    0.017896    0.186385    0.272142    4.613747 v _335_/Y (sky130_fd_sc_hd__o211ai_4)
                                                         _119_ (net)
                      0.186386    0.000624    4.614371 v _340_/C1 (sky130_fd_sc_hd__o211ai_2)
     1    0.009602    0.281761    0.180091    4.794462 ^ _340_/Y (sky130_fd_sc_hd__o211ai_2)
                                                         _124_ (net)
                      0.281761    0.000090    4.794552 ^ _341_/C1 (sky130_fd_sc_hd__o211ai_4)
     2    0.018452    0.185652    0.266135    5.060687 v _341_/Y (sky130_fd_sc_hd__o211ai_4)
                                                         _125_ (net)
                      0.185653    0.000272    5.060958 v _345_/C1 (sky130_fd_sc_hd__o211ai_4)
     2    0.023023    0.379465    0.225862    5.286820 ^ _345_/Y (sky130_fd_sc_hd__o211ai_4)
                                                         _129_ (net)
                      0.379465    0.000704    5.287524 ^ _347_/C1 (sky130_fd_sc_hd__o211ai_4)
     1    0.042960    0.328379    0.410878    5.698401 v _347_/Y (sky130_fd_sc_hd__o211ai_4)
                                                         _131_ (net)
                      0.328747    0.008835    5.707237 v _351_/C1 (sky130_fd_sc_hd__o211ai_2)
     1    0.009393    0.278384    0.235564    5.942801 ^ _351_/Y (sky130_fd_sc_hd__o211ai_2)
                                                         _135_ (net)
                      0.278384    0.000391    5.943192 ^ _353_/C1 (sky130_fd_sc_hd__o211ai_1)
     2    0.008025    0.266302    0.344200    6.287392 v _353_/Y (sky130_fd_sc_hd__o211ai_1)
                                                         _137_ (net)
                      0.266302    0.000150    6.287542 v _358_/C1 (sky130_fd_sc_hd__o211ai_1)
     1    0.003417    0.264686    0.223451    6.510993 ^ _358_/Y (sky130_fd_sc_hd__o211ai_1)
                                                         _142_ (net)
                      0.264686    0.000044    6.511037 ^ _360_/C1 (sky130_fd_sc_hd__o211ai_1)
     1    0.003643    0.181839    0.262929    6.773966 v _360_/Y (sky130_fd_sc_hd__o211ai_1)
                                                         _144_ (net)
                      0.181839    0.000035    6.774001 v _364_/C1 (sky130_fd_sc_hd__o211ai_1)
     2    0.008419    0.407109    0.249333    7.023334 ^ _364_/Y (sky130_fd_sc_hd__o211ai_1)
                                                         _148_ (net)
                      0.407109    0.000207    7.023540 ^ _366_/C1 (sky130_fd_sc_hd__o211ai_1)
     2    0.007021    0.259583    0.376137    7.399677 v _366_/Y (sky130_fd_sc_hd__o211ai_1)
                                                         _150_ (net)
                      0.259583    0.000107    7.399784 v _370_/C1 (sky130_fd_sc_hd__o211ai_1)
     1    0.004603    0.295196    0.236235    7.636019 ^ _370_/Y (sky130_fd_sc_hd__o211ai_1)
                                                         _154_ (net)
                      0.295196    0.000083    7.636102 ^ _372_/C1 (sky130_fd_sc_hd__o211ai_1)
     2    0.006754    0.242546    0.328491    7.964593 v _372_/Y (sky130_fd_sc_hd__o211ai_1)
                                                         _156_ (net)
                      0.242546    0.000127    7.964720 v _376_/C1 (sky130_fd_sc_hd__o211ai_1)
     1    0.003612    0.270882    0.216311    8.181031 ^ _376_/Y (sky130_fd_sc_hd__o211ai_1)
                                                         _160_ (net)
                      0.270882    0.000032    8.181063 ^ _377_/C1 (sky130_fd_sc_hd__o211ai_1)
     1    0.005390    0.213137    0.295507    8.476570 v _377_/Y (sky130_fd_sc_hd__o211ai_1)
                                                         _161_ (net)
                      0.213137    0.000071    8.476641 v _381_/C1 (sky130_fd_sc_hd__o211ai_2)
     1    0.010429    0.294824    0.197593    8.674234 ^ _381_/Y (sky130_fd_sc_hd__o211ai_2)
                                                         _165_ (net)
                      0.294824    0.000207    8.674441 ^ _383_/C1 (sky130_fd_sc_hd__o211ai_4)
     3    0.015097    0.170142    0.255309    8.929749 v _383_/Y (sky130_fd_sc_hd__o211ai_4)
                                                         _167_ (net)
                      0.170142    0.000296    8.930045 v _386_/C1 (sky130_fd_sc_hd__o211ai_4)
     4    0.018715    0.338512    0.201675    9.131721 ^ _386_/Y (sky130_fd_sc_hd__o211ai_4)
                                                         _170_ (net)
                      0.338512    0.000605    9.132325 ^ _387_/C1 (sky130_fd_sc_hd__o211ai_2)
     3    0.014962    0.264215    0.358679    9.491005 v _387_/Y (sky130_fd_sc_hd__o211ai_2)
                                                         _171_ (net)
                      0.264215    0.000426    9.491431 v _390_/C1 (sky130_fd_sc_hd__o221ai_2)
     1    0.006747    0.292241    0.195024    9.686455 ^ _390_/Y (sky130_fd_sc_hd__o221ai_2)
                                                         _174_ (net)
                      0.292241    0.000214    9.686668 ^ _392_/B1 (sky130_fd_sc_hd__o31a_1)
     1    0.010087    0.190768    0.418880   10.105549 ^ _392_/X (sky130_fd_sc_hd__o31a_1)
                                                         net67 (net)
                      0.190768    0.000195   10.105743 ^ output67/A (sky130_fd_sc_hd__clkbuf_16)
     1   10.000767   14.454512   10.508555   20.614298 ^ output67/X (sky130_fd_sc_hd__clkbuf_16)
                                                         overflow (net)
                     14.454913    0.065471   20.679770 ^ overflow (out)
                                             20.679770   data arrival time

                                 22.000000   22.000000   clock clk (rise edge)
                                  0.000000   22.000000   clock network delay (propagated)
                                 -0.200000   21.800001   clock uncertainty
                                  0.000000   21.800001   clock reconvergence pessimism
                                 -0.500000   21.300001   output external delay
                                             21.300001   data required time
---------------------------------------------------------------------------------------------
                                             21.300001   data required time
                                            -20.679770   data arrival time
---------------------------------------------------------------------------------------------
                                              0.620231   slack (MET)




===========================================================================
report_checks --slack_max -0.01
============================================================================
======================= min_ss_100C_1v60 Corner ===================================

No paths found.


===========================================================================
 report_check_types -max_slew -max_cap -max_fanout -violators
============================================================================
======================= min_ss_100C_1v60 Corner ===================================

max slew

Pin                                        Limit        Slew       Slack
------------------------------------------------------------------------
output74/X                              1.502104   14.526048  -13.023943 (VIOLATED)
output75/X                              1.502104   14.518587  -13.016482 (VIOLATED)
output77/X                              1.502104   14.486780  -12.984676 (VIOLATED)
output78/X                              1.502104   14.466374  -12.964270 (VIOLATED)
output82/X                              1.502104   14.457934  -12.955831 (VIOLATED)
output69/X                              1.502104   14.457469  -12.955364 (VIOLATED)
output89/X                              1.502104   14.457389  -12.955284 (VIOLATED)
output81/X                              1.502104   14.455540  -12.953435 (VIOLATED)
output67/X                              1.502104   14.454512  -12.952408 (VIOLATED)
output68/X                              1.502104   14.454133  -12.952029 (VIOLATED)
output87/X                              1.502104   14.454015  -12.951910 (VIOLATED)
output85/X                              1.502104   14.452146  -12.950042 (VIOLATED)
output71/X                              1.502104   14.450505  -12.948400 (VIOLATED)
output66/X                              1.502104   14.450168  -12.948064 (VIOLATED)
output83/X                              1.502104   14.449384  -12.947279 (VIOLATED)
output79/X                              1.502104   14.448781  -12.946677 (VIOLATED)
output90/X                              1.502104   14.448334  -12.946229 (VIOLATED)
output97/X                              1.502104   14.448024  -12.945919 (VIOLATED)
output84/X                              1.502104   14.446885  -12.944780 (VIOLATED)
output91/X                              1.502104   14.446495  -12.944391 (VIOLATED)
output76/X                              1.502104   14.446449  -12.944345 (VIOLATED)
output94/X                              1.502104   14.446218  -12.944113 (VIOLATED)
output95/X                              1.502104   14.445989  -12.943885 (VIOLATED)
output93/X                              1.502104   14.445965  -12.943861 (VIOLATED)
output86/X                              1.502104   14.445047  -12.942943 (VIOLATED)
output96/X                              1.502104   14.444984  -12.942880 (VIOLATED)
output72/X                              1.502104   14.444703  -12.942598 (VIOLATED)
output70/X                              1.502104   14.442017  -12.939913 (VIOLATED)
output92/X                              1.502104   14.441319  -12.939215 (VIOLATED)
output88/X                              1.502104   14.441154  -12.939050 (VIOLATED)
output98/X                              1.502104   14.439857  -12.937753 (VIOLATED)
output80/X                              1.502104   14.439804  -12.937700 (VIOLATED)
output73/X                              1.502104   14.437989  -12.935884 (VIOLATED)
output99/X                              1.502104   14.436934  -12.934831 (VIOLATED)

max capacitance

Pin                                        Limit         Cap       Slack
------------------------------------------------------------------------
output74/X                              1.017161   10.001265   -8.984103 (VIOLATED)
output75/X                              1.017161   10.001265   -8.984103 (VIOLATED)
output83/X                              1.017161   10.000876   -8.983716 (VIOLATED)
output84/X                              1.017161   10.000837   -8.983676 (VIOLATED)
output77/X                              1.017161   10.000787   -8.983625 (VIOLATED)
output78/X                              1.017161   10.000784   -8.983623 (VIOLATED)
output67/X                              1.017161   10.000767   -8.983605 (VIOLATED)
output85/X                              1.017161   10.000774   -8.983613 (VIOLATED)
output89/X                              1.017161   10.000759   -8.983598 (VIOLATED)
output91/X                              1.017161   10.000751   -8.983590 (VIOLATED)
output81/X                              1.017161   10.000718   -8.983557 (VIOLATED)
output86/X                              1.017161   10.000708   -8.983546 (VIOLATED)
output87/X                              1.017161   10.000712   -8.983551 (VIOLATED)
output80/X                              1.017161   10.000692   -8.983531 (VIOLATED)
output88/X                              1.017161   10.000700   -8.983539 (VIOLATED)
output92/X                              1.017161   10.000707   -8.983545 (VIOLATED)
output76/X                              1.017161   10.000665   -8.983503 (VIOLATED)
output82/X                              1.017161   10.000667   -8.983506 (VIOLATED)
output73/X                              1.017161   10.000483   -8.983321 (VIOLATED)
output68/X                              1.017161   10.000457   -8.983295 (VIOLATED)
output93/X                              1.017161   10.000464   -8.983303 (VIOLATED)
output95/X                              1.017161   10.000464   -8.983303 (VIOLATED)
output97/X                              1.017161   10.000462   -8.983300 (VIOLATED)
output96/X                              1.017161   10.000447   -8.983286 (VIOLATED)
output90/X                              1.017161   10.000434   -8.983273 (VIOLATED)
output66/X                              1.017161   10.000404   -8.983243 (VIOLATED)
output79/X                              1.017161   10.000398   -8.983237 (VIOLATED)
output99/X                              1.017161   10.000362   -8.983201 (VIOLATED)
output69/X                              1.017161   10.000342   -8.983181 (VIOLATED)
output94/X                              1.017161   10.000349   -8.983188 (VIOLATED)
output72/X                              1.017161   10.000335   -8.983173 (VIOLATED)
output70/X                              1.017161   10.000307   -8.983146 (VIOLATED)
output71/X                              1.017161   10.000283   -8.983123 (VIOLATED)
output98/X                              1.017161   10.000283   -8.983123 (VIOLATED)



===========================================================================
report_parasitic_annotation -report_unannotated
============================================================================
Found 1 unannotated drivers.
 clk
Found 0 partially unannotated drivers.

===========================================================================
max slew violation count 34
max fanout violation count 0
max cap violation count 34
============================================================================

===========================================================================
check_setup -verbose -unconstrained_endpoints -multiple_clock -no_clock -no_input_delay -loops -generated_clocks
===========================================================================
