
===========================================================================
report_checks -unconstrained
===========================================================================
======================= nom_tt_025C_1v80 Corner ===================================

Startpoint: b[1] (input port clocked by clk)
Endpoint: sum[31] (output port clocked by clk)
Path Group: clk
Path Type: max

Fanout         Cap        Slew       Delay        Time   Description
---------------------------------------------------------------------------------------------
                                  0.000000    0.000000   clock clk (rise edge)
                                  0.000000    0.000000   clock network delay (propagated)
                                  1.000000    1.000000 ^ input external delay
     1    0.002664    0.000000    0.000000    1.000000 ^ b[1] (in)
                                                         b[1] (net)
                      0.000068    0.000034    1.000034 ^ input44/A (sky130_fd_sc_hd__buf_1)
     4    0.018345    0.219502    0.187823    1.187857 ^ input44/X (sky130_fd_sc_hd__buf_1)
                                                         net44 (net)
                      0.219509    0.001050    1.188907 ^ _298_/A (sky130_fd_sc_hd__nand2_1)
     3    0.011286    0.109589    0.141642    1.330549 v _298_/Y (sky130_fd_sc_hd__nand2_1)
                                                         _082_ (net)
                      0.109589    0.000363    1.330912 v _304_/A (sky130_fd_sc_hd__nand3_2)
     3    0.018695    0.116470    0.134205    1.465117 ^ _304_/Y (sky130_fd_sc_hd__nand3_2)
                                                         _088_ (net)
                      0.116484    0.000997    1.466114 ^ _308_/B1 (sky130_fd_sc_hd__a22oi_4)
     3    0.022800    0.089451    0.090632    1.556746 v _308_/Y (sky130_fd_sc_hd__a22oi_4)
                                                         _092_ (net)
                      0.089457    0.001364    1.558110 v _311_/B2 (sky130_fd_sc_hd__o221ai_4)
     3    0.010301    0.189874    0.171264    1.729375 ^ _311_/Y (sky130_fd_sc_hd__o221ai_4)
                                                         _095_ (net)
                      0.189874    0.000349    1.729724 ^ _315_/C1 (sky130_fd_sc_hd__o211ai_1)
     1    0.003240    0.086306    0.117605    1.847329 v _315_/Y (sky130_fd_sc_hd__o211ai_1)
                                                         _099_ (net)
                      0.086306    0.000075    1.847405 v _317_/C1 (sky130_fd_sc_hd__o211ai_1)
     2    0.005985    0.199227    0.119032    1.966437 ^ _317_/Y (sky130_fd_sc_hd__o211ai_1)
                                                         _101_ (net)
                      0.199227    0.000193    1.966630 ^ _321_/C1 (sky130_fd_sc_hd__o211ai_1)
     1    0.003206    0.087722    0.119496    2.086126 v _321_/Y (sky130_fd_sc_hd__o211ai_1)
                                                         _105_ (net)
                      0.087722    0.000075    2.086201 v _323_/C1 (sky130_fd_sc_hd__o211ai_1)
     1    0.003118    0.149375    0.096806    2.183008 ^ _323_/Y (sky130_fd_sc_hd__o211ai_1)
                                                         _107_ (net)
                      0.149375    0.000069    2.183076 ^ _327_/C1 (sky130_fd_sc_hd__o211ai_1)
     1    0.005673    0.097742    0.126701    2.309777 v _327_/Y (sky130_fd_sc_hd__o211ai_1)
                                                         _111_ (net)
                      0.097742    0.000149    2.309926 v _329_/C1 (sky130_fd_sc_hd__o211ai_2)
     2    0.012804    0.209602    0.112760    2.422686 ^ _329_/Y (sky130_fd_sc_hd__o211ai_2)
                                                         _113_ (net)
                      0.209602    0.000339    2.423025 ^ _333_/C1 (sky130_fd_sc_hd__o211ai_4)
     2    0.015107    0.096151    0.123163    2.546188 v _333_/Y (sky130_fd_sc_hd__o211ai_4)
                                                         _117_ (net)
                      0.096153    0.000861    2.547049 v _335_/C1 (sky130_fd_sc_hd__o211ai_4)
     3    0.019167    0.219860    0.120118    2.667167 ^ _335_/Y (sky130_fd_sc_hd__o211ai_4)
                                                         _119_ (net)
                      0.219862    0.001030    2.668198 ^ _340_/C1 (sky130_fd_sc_hd__o211ai_2)
     1    0.009092    0.106097    0.140856    2.809054 v _340_/Y (sky130_fd_sc_hd__o211ai_2)
                                                         _124_ (net)
                      0.106098    0.000232    2.809286 v _341_/C1 (sky130_fd_sc_hd__o211ai_4)
     2    0.019597    0.222470    0.125904    2.935189 ^ _341_/Y (sky130_fd_sc_hd__o211ai_4)
                                                         _125_ (net)
                      0.222470    0.000634    2.935823 ^ _345_/C1 (sky130_fd_sc_hd__o211ai_4)
     2    0.022467    0.114866    0.144488    3.080312 v _345_/Y (sky130_fd_sc_hd__o211ai_4)
                                                         _129_ (net)
                      0.114876    0.001069    3.081381 v _347_/C1 (sky130_fd_sc_hd__o211ai_4)
     1    0.046001    0.383891    0.191914    3.273295 ^ _347_/Y (sky130_fd_sc_hd__o211ai_4)
                                                         _131_ (net)
                      0.384471    0.011616    3.284912 ^ _351_/C1 (sky130_fd_sc_hd__o211ai_2)
     1    0.009954    0.136639    0.176588    3.461499 v _351_/Y (sky130_fd_sc_hd__o211ai_2)
                                                         _135_ (net)
                      0.136640    0.000573    3.462073 v _353_/C1 (sky130_fd_sc_hd__o211ai_1)
     2    0.008555    0.244098    0.161919    3.623991 ^ _353_/Y (sky130_fd_sc_hd__o211ai_1)
                                                         _137_ (net)
                      0.244098    0.000327    3.624319 ^ _358_/C1 (sky130_fd_sc_hd__o211ai_1)
     1    0.003377    0.097017    0.131483    3.755802 v _358_/Y (sky130_fd_sc_hd__o211ai_1)
                                                         _142_ (net)
                      0.097017    0.000109    3.755911 v _360_/C1 (sky130_fd_sc_hd__o211ai_1)
     1    0.003880    0.162591    0.107055    3.862966 ^ _360_/Y (sky130_fd_sc_hd__o211ai_1)
                                                         _144_ (net)
                      0.162591    0.000099    3.863065 ^ _364_/C1 (sky130_fd_sc_hd__o211ai_1)
     2    0.008611    0.123737    0.152038    4.015103 v _364_/Y (sky130_fd_sc_hd__o211ai_1)
                                                         _148_ (net)
                      0.123737    0.000352    4.015456 v _366_/C1 (sky130_fd_sc_hd__o211ai_1)
     2    0.007445    0.224723    0.147260    4.162715 ^ _366_/Y (sky130_fd_sc_hd__o211ai_1)
                                                         _150_ (net)
                      0.224723    0.000229    4.162945 ^ _370_/C1 (sky130_fd_sc_hd__o211ai_1)
     1    0.004719    0.103705    0.138979    4.301923 v _370_/Y (sky130_fd_sc_hd__o211ai_1)
                                                         _154_ (net)
                      0.103706    0.000181    4.302104 v _372_/C1 (sky130_fd_sc_hd__o211ai_1)
     2    0.007154    0.219760    0.136013    4.438117 ^ _372_/Y (sky130_fd_sc_hd__o211ai_1)
                                                         _156_ (net)
                      0.219760    0.000258    4.438375 ^ _376_/C1 (sky130_fd_sc_hd__o211ai_1)
     1    0.003635    0.094633    0.128068    4.566444 v _376_/Y (sky130_fd_sc_hd__o211ai_1)
                                                         _160_ (net)
                      0.094633    0.000090    4.566534 v _377_/C1 (sky130_fd_sc_hd__o211ai_1)
     1    0.005658    0.193501    0.120120    4.686654 ^ _377_/Y (sky130_fd_sc_hd__o211ai_1)
                                                         _161_ (net)
                      0.193501    0.000190    4.686843 ^ _381_/C1 (sky130_fd_sc_hd__o211ai_2)
     1    0.009982    0.105447    0.137674    4.824518 v _381_/Y (sky130_fd_sc_hd__o211ai_2)
                                                         _165_ (net)
                      0.105447    0.000407    4.824925 v _383_/C1 (sky130_fd_sc_hd__o211ai_4)
     3    0.016285    0.202697    0.117161    4.942086 ^ _383_/Y (sky130_fd_sc_hd__o211ai_4)
                                                         _167_ (net)
                      0.202697    0.000623    4.942708 ^ _386_/C1 (sky130_fd_sc_hd__o211ai_4)
     4    0.018439    0.102521    0.129677    5.072386 v _386_/Y (sky130_fd_sc_hd__o211ai_4)
                                                         _170_ (net)
                      0.102524    0.000921    5.073307 v _387_/C1 (sky130_fd_sc_hd__o211ai_2)
     3    0.015914    0.240537    0.126177    5.199483 ^ _387_/Y (sky130_fd_sc_hd__o211ai_2)
                                                         _171_ (net)
                      0.240537    0.000711    5.200195 ^ _463_/C1 (sky130_fd_sc_hd__o221ai_1)
     1    0.004993    0.122206    0.179109    5.379304 v _463_/Y (sky130_fd_sc_hd__o221ai_1)
                                                         _214_ (net)
                      0.122206    0.000200    5.379504 v _465_/A (sky130_fd_sc_hd__nand2_1)
     1    0.002968    0.051283    0.086871    5.466374 ^ _465_/Y (sky130_fd_sc_hd__nand2_1)
                                                         bit_adder[31].FA.sum (net)
                      0.051283    0.000066    5.466440 ^ _479_/A (sky130_fd_sc_hd__buf_1)
     1    0.010276    0.127971    0.142197    5.608638 ^ _479_/X (sky130_fd_sc_hd__buf_1)
                                                         net92 (net)
                      0.127974    0.000452    5.609089 ^ output92/A (sky130_fd_sc_hd__clkbuf_16)
     1   10.000754    9.861322    6.920907   12.529996 ^ output92/X (sky130_fd_sc_hd__clkbuf_16)
                                                         sum[31] (net)
                      9.866495    0.189055   12.719051 ^ sum[31] (out)
                                             12.719051   data arrival time

                                 22.000000   22.000000   clock clk (rise edge)
                                  0.000000   22.000000   clock network delay (propagated)
                                 -0.200000   21.800001   clock uncertainty
                                  0.000000   21.800001   clock reconvergence pessimism
                                 -0.500000   21.300001   output external delay
                                             21.300001   data required time
---------------------------------------------------------------------------------------------
                                             21.300001   data required time
                                            -12.719051   data arrival time
---------------------------------------------------------------------------------------------
                                              8.580950   slack (MET)




===========================================================================
report_checks --slack_max -0.01
============================================================================
======================= nom_tt_025C_1v80 Corner ===================================

No paths found.


===========================================================================
 report_check_types -max_slew -max_cap -max_fanout -violators
============================================================================
======================= nom_tt_025C_1v80 Corner ===================================

max slew

Pin                                        Limit        Slew       Slack
------------------------------------------------------------------------
output75/X                              1.508186    9.923720   -8.415534 (VIOLATED)
output74/X                              1.508186    9.918381   -8.410195 (VIOLATED)
output77/X                              1.508186    9.879958   -8.371773 (VIOLATED)
output85/X                              1.508186    9.871100   -8.362915 (VIOLATED)
output84/X                              1.508186    9.870405   -8.362220 (VIOLATED)
output83/X                              1.508186    9.869437   -8.361252 (VIOLATED)
output67/X                              1.508186    9.868524   -8.360338 (VIOLATED)
output97/X                              1.508186    9.866260   -8.358073 (VIOLATED)
output90/X                              1.508186    9.866110   -8.357924 (VIOLATED)
output91/X                              1.508186    9.865781   -8.357594 (VIOLATED)
output96/X                              1.508186    9.864178   -8.355991 (VIOLATED)
output89/X                              1.508186    9.862995   -8.354810 (VIOLATED)
output88/X                              1.508186    9.862851   -8.354666 (VIOLATED)
output80/X                              1.508186    9.862367   -8.354180 (VIOLATED)
output92/X                              1.508186    9.861322   -8.353137 (VIOLATED)
output76/X                              1.508186    9.861100   -8.352914 (VIOLATED)
output86/X                              1.508186    9.861091   -8.352905 (VIOLATED)
output99/X                              1.508186    9.858261   -8.350076 (VIOLATED)
output79/X                              1.508186    9.858101   -8.349916 (VIOLATED)
output73/X                              1.508186    9.856365   -8.348179 (VIOLATED)
output87/X                              1.508186    9.855828   -8.347643 (VIOLATED)
output95/X                              1.508186    9.855092   -8.346907 (VIOLATED)
output93/X                              1.508186    9.853625   -8.345439 (VIOLATED)
output78/X                              1.508186    9.852046   -8.343860 (VIOLATED)
output72/X                              1.508186    9.851723   -8.343536 (VIOLATED)
output70/X                              1.508186    9.851017   -8.342832 (VIOLATED)
output98/X                              1.508186    9.848646   -8.340460 (VIOLATED)
output81/X                              1.508186    9.847952   -8.339767 (VIOLATED)
output94/X                              1.508186    9.847795   -8.339610 (VIOLATED)
output66/X                              1.508186    9.845685   -8.337499 (VIOLATED)
output68/X                              1.508186    9.844495   -8.336309 (VIOLATED)
output82/X                              1.508186    9.842387   -8.334201 (VIOLATED)
output69/X                              1.508186    9.838939   -8.330753 (VIOLATED)
output71/X                              1.508186    9.833953   -8.325767 (VIOLATED)

max capacitance

Pin                                        Limit         Cap       Slack
------------------------------------------------------------------------
output74/X                              1.531687   10.001353   -8.469666 (VIOLATED)
output75/X                              1.531687   10.001353   -8.469666 (VIOLATED)
output83/X                              1.531687   10.000944   -8.469256 (VIOLATED)
output84/X                              1.531687   10.000900   -8.469213 (VIOLATED)
output77/X                              1.531687   10.000841   -8.469154 (VIOLATED)
output78/X                              1.531687   10.000835   -8.469149 (VIOLATED)
output85/X                              1.531687   10.000824   -8.469137 (VIOLATED)
output67/X                              1.531687   10.000815   -8.469129 (VIOLATED)
output89/X                              1.531687   10.000806   -8.469119 (VIOLATED)
output91/X                              1.531687   10.000793   -8.469107 (VIOLATED)
output87/X                              1.531687   10.000765   -8.469078 (VIOLATED)
output81/X                              1.531687   10.000751   -8.469064 (VIOLATED)
output86/X                              1.531687   10.000751   -8.469063 (VIOLATED)
output88/X                              1.531687   10.000747   -8.469060 (VIOLATED)
output92/X                              1.531687   10.000754   -8.469068 (VIOLATED)
output80/X                              1.531687   10.000738   -8.469051 (VIOLATED)
output76/X                              1.531687   10.000710   -8.469024 (VIOLATED)
output82/X                              1.531687   10.000714   -8.469027 (VIOLATED)
output73/X                              1.531687   10.000513   -8.468826 (VIOLATED)
output68/X                              1.531687   10.000484   -8.468797 (VIOLATED)
output93/X                              1.531687   10.000492   -8.468804 (VIOLATED)
output95/X                              1.531687   10.000492   -8.468804 (VIOLATED)
output97/X                              1.531687   10.000490   -8.468803 (VIOLATED)
output96/X                              1.531687   10.000473   -8.468785 (VIOLATED)
output90/X                              1.531687   10.000461   -8.468774 (VIOLATED)
output66/X                              1.531687   10.000427   -8.468740 (VIOLATED)
output79/X                              1.531687   10.000422   -8.468736 (VIOLATED)
output99/X                              1.531687   10.000383   -8.468697 (VIOLATED)
output94/X                              1.531687   10.000371   -8.468684 (VIOLATED)
output69/X                              1.531687   10.000362   -8.468676 (VIOLATED)
output72/X                              1.531687   10.000354   -8.468667 (VIOLATED)
output70/X                              1.531687   10.000324   -8.468637 (VIOLATED)
output71/X                              1.531687   10.000301   -8.468614 (VIOLATED)
output98/X                              1.531687   10.000301   -8.468614 (VIOLATED)



===========================================================================
report_parasitic_annotation -report_unannotated
============================================================================
Found 1 unannotated drivers.
 clk
Found 0 partially unannotated drivers.

===========================================================================
max slew violation count 34
max fanout violation count 0
max cap violation count 34
============================================================================

===========================================================================
check_setup -verbose -unconstrained_endpoints -multiple_clock -no_clock -no_input_delay -loops -generated_clocks
===========================================================================
